2025-09-23 13:25:28 INFO  [main] c.a.e.ErpTelecomApplication - Starting ErpTelecomApplication using Java 19.0.2 with PID 16936 (D:\Development\Java\Spring Boot\Projects\ERP-Telecom\erp-telecom\target\classes started by Atharv in D:\Development\Java\Spring Boot\Projects\ERP-Telecom\erp-telecom)
2025-09-23 13:25:28 DEBUG [main] c.a.e.ErpTelecomApplication - Running with Spring Boot v3.5.5, Spring v6.2.10
2025-09-23 13:25:28 INFO  [main] c.a.e.ErpTelecomApplication - No active profile set, falling back to 1 default profile: "default"
2025-09-23 13:25:31 INFO  [main] o.s.d.r.c.RepositoryConfigurationDelegate - Bootstrapping Spring Data JPA repositories in DEFAULT mode.
2025-09-23 13:25:32 INFO  [main] o.s.d.r.c.RepositoryConfigurationDelegate - Finished Spring Data repository scanning in 394 ms. Found 3 JPA repository interfaces.
2025-09-23 13:25:34 INFO  [main] o.s.b.w.e.tomcat.TomcatWebServer - Tomcat initialized with port 8001 (http)
2025-09-23 13:25:34 INFO  [main] o.a.coyote.http11.Http11NioProtocol - Initializing ProtocolHandler ["http-nio-8001"]
2025-09-23 13:25:34 INFO  [main] o.a.catalina.core.StandardService - Starting service [Tomcat]
2025-09-23 13:25:34 INFO  [main] o.a.catalina.core.StandardEngine - Starting Servlet engine: [Apache Tomcat/10.1.44]
2025-09-23 13:25:34 INFO  [main] o.a.c.c.C.[Tomcat].[localhost].[/] - Initializing Spring embedded WebApplicationContext
2025-09-23 13:25:34 INFO  [main] o.s.b.w.s.c.ServletWebServerApplicationContext - Root WebApplicationContext: initialization completed in 6072 ms
2025-09-23 13:25:35 INFO  [main] o.h.jpa.internal.util.LogHelper - HHH000204: Processing PersistenceUnitInfo [name: default]
2025-09-23 13:25:35 INFO  [main] org.hibernate.Version - HHH000412: Hibernate ORM core version 6.6.26.Final
2025-09-23 13:25:35 INFO  [main] o.h.c.i.RegionFactoryInitiator - HHH000026: Second-level cache disabled
2025-09-23 13:25:35 INFO  [main] o.s.o.j.p.SpringPersistenceUnitInfo - No LoadTimeWeaver setup: ignoring JPA class transformer
2025-09-23 13:25:35 INFO  [main] com.zaxxer.hikari.HikariDataSource - HikariPool-1 - Starting...
2025-09-23 13:25:37 INFO  [main] com.zaxxer.hikari.pool.HikariPool - HikariPool-1 - Added connection com.mysql.cj.jdbc.ConnectionImpl@1a06602f
2025-09-23 13:25:37 INFO  [main] com.zaxxer.hikari.HikariDataSource - HikariPool-1 - Start completed.
2025-09-23 13:25:37 INFO  [main] o.hibernate.orm.connections.pooling - HHH10001005: Database info:
	Database JDBC URL [Connecting through datasource 'HikariDataSource (HikariPool-1)']
	Database driver: undefined/unknown
	Database version: 8.0.33
	Autocommit mode: undefined/unknown
	Isolation level: undefined/unknown
	Minimum pool size: undefined/unknown
	Maximum pool size: undefined/unknown
2025-09-23 13:25:40 INFO  [main] o.h.e.t.j.p.i.JtaPlatformInitiator - HHH000489: No JTA platform available (set 'hibernate.transaction.jta.platform' to enable JTA platform integration)
2025-09-23 13:25:41 INFO  [main] o.s.o.j.LocalContainerEntityManagerFactoryBean - Initialized JPA EntityManagerFactory for persistence unit 'default'
2025-09-23 13:25:42 DEBUG [main] c.a.e.s.JwtAuthenticationFilter - Filter 'jwtAuthenticationFilter' configured for use
2025-09-23 13:25:42 INFO  [main] o.s.s.c.a.a.c.InitializeUserDetailsBeanManagerConfigurer$InitializeUserDetailsManagerConfigurer - Global AuthenticationManager configured with UserDetailsService bean with name userService
2025-09-23 13:25:42 WARN  [main] o.s.b.a.o.j.JpaBaseConfiguration$JpaWebConfiguration - spring.jpa.open-in-view is enabled by default. Therefore, database queries may be performed during view rendering. Explicitly configure spring.jpa.open-in-view to disable this warning
2025-09-23 13:25:43 INFO  [main] o.a.coyote.http11.Http11NioProtocol - Starting ProtocolHandler ["http-nio-8001"]
2025-09-23 13:25:43 INFO  [main] o.s.b.w.e.tomcat.TomcatWebServer - Tomcat started on port 8001 (http) with context path '/'
2025-09-23 13:25:43 INFO  [main] c.a.e.ErpTelecomApplication - Started ErpTelecomApplication in 17.879 seconds (process running for 19.297)
2025-09-23 13:26:31 INFO  [http-nio-8001-exec-2] o.a.c.c.C.[Tomcat].[localhost].[/] - Initializing Spring DispatcherServlet 'dispatcherServlet'
2025-09-23 13:26:31 INFO  [http-nio-8001-exec-2] o.s.web.servlet.DispatcherServlet - Initializing Servlet 'dispatcherServlet'
2025-09-23 13:26:31 INFO  [http-nio-8001-exec-2] o.s.web.servlet.DispatcherServlet - Completed initialization in 1 ms
2025-09-23 13:29:16 INFO  [SpringApplicationShutdownHook] o.s.b.w.e.tomcat.GracefulShutdown - Commencing graceful shutdown. Waiting for active requests to complete
2025-09-23 13:29:17 INFO  [tomcat-shutdown] o.s.b.w.e.tomcat.GracefulShutdown - Graceful shutdown complete
2025-09-23 13:29:17 INFO  [SpringApplicationShutdownHook] o.s.o.j.LocalContainerEntityManagerFactoryBean - Closing JPA EntityManagerFactory for persistence unit 'default'
2025-09-23 13:29:17 INFO  [SpringApplicationShutdownHook] com.zaxxer.hikari.HikariDataSource - HikariPool-1 - Shutdown initiated...
2025-09-23 13:29:17 INFO  [SpringApplicationShutdownHook] com.zaxxer.hikari.HikariDataSource - HikariPool-1 - Shutdown completed.
2025-09-23 13:29:45 INFO  [main] c.a.e.ErpTelecomApplication - Starting ErpTelecomApplication using Java 19.0.2 with PID 324 (D:\Development\Java\Spring Boot\Projects\ERP-Telecom\erp-telecom\target\classes started by Atharv in D:\Development\Java\Spring Boot\Projects\ERP-Telecom\erp-telecom)
2025-09-23 13:29:45 DEBUG [main] c.a.e.ErpTelecomApplication - Running with Spring Boot v3.5.5, Spring v6.2.10
2025-09-23 13:29:45 INFO  [main] c.a.e.ErpTelecomApplication - No active profile set, falling back to 1 default profile: "default"
2025-09-23 13:29:46 INFO  [main] o.s.d.r.c.RepositoryConfigurationDelegate - Bootstrapping Spring Data JPA repositories in DEFAULT mode.
2025-09-23 13:29:47 INFO  [main] o.s.d.r.c.RepositoryConfigurationDelegate - Finished Spring Data repository scanning in 109 ms. Found 3 JPA repository interfaces.
2025-09-23 13:29:48 INFO  [main] o.s.b.w.e.tomcat.TomcatWebServer - Tomcat initialized with port 8001 (http)
2025-09-23 13:29:48 INFO  [main] o.a.coyote.http11.Http11NioProtocol - Initializing ProtocolHandler ["http-nio-8001"]
2025-09-23 13:29:48 INFO  [main] o.a.catalina.core.StandardService - Starting service [Tomcat]
2025-09-23 13:29:48 INFO  [main] o.a.catalina.core.StandardEngine - Starting Servlet engine: [Apache Tomcat/10.1.44]
2025-09-23 13:29:48 INFO  [main] o.a.c.c.C.[Tomcat].[localhost].[/] - Initializing Spring embedded WebApplicationContext
2025-09-23 13:29:48 INFO  [main] o.s.b.w.s.c.ServletWebServerApplicationContext - Root WebApplicationContext: initialization completed in 2545 ms
2025-09-23 13:29:48 INFO  [main] o.h.jpa.internal.util.LogHelper - HHH000204: Processing PersistenceUnitInfo [name: default]
2025-09-23 13:29:48 INFO  [main] org.hibernate.Version - HHH000412: Hibernate ORM core version 6.6.26.Final
2025-09-23 13:29:48 INFO  [main] o.h.c.i.RegionFactoryInitiator - HHH000026: Second-level cache disabled
2025-09-23 13:29:49 INFO  [main] o.s.o.j.p.SpringPersistenceUnitInfo - No LoadTimeWeaver setup: ignoring JPA class transformer
2025-09-23 13:29:49 INFO  [main] com.zaxxer.hikari.HikariDataSource - HikariPool-1 - Starting...
2025-09-23 13:29:49 INFO  [main] com.zaxxer.hikari.pool.HikariPool - HikariPool-1 - Added connection com.mysql.cj.jdbc.ConnectionImpl@275902e1
2025-09-23 13:29:49 INFO  [main] com.zaxxer.hikari.HikariDataSource - HikariPool-1 - Start completed.
2025-09-23 13:29:50 INFO  [main] o.hibernate.orm.connections.pooling - HHH10001005: Database info:
	Database JDBC URL [Connecting through datasource 'HikariDataSource (HikariPool-1)']
	Database driver: undefined/unknown
	Database version: 8.0.33
	Autocommit mode: undefined/unknown
	Isolation level: undefined/unknown
	Minimum pool size: undefined/unknown
	Maximum pool size: undefined/unknown
2025-09-23 13:29:51 INFO  [main] o.h.e.t.j.p.i.JtaPlatformInitiator - HHH000489: No JTA platform available (set 'hibernate.transaction.jta.platform' to enable JTA platform integration)
2025-09-23 13:29:51 INFO  [main] o.s.o.j.LocalContainerEntityManagerFactoryBean - Initialized JPA EntityManagerFactory for persistence unit 'default'
2025-09-23 13:30:40 WARN  [HikariPool-1:housekeeper] com.zaxxer.hikari.pool.HikariPool - HikariPool-1 - Thread starvation or clock leap detected (housekeeper delta=50s674ms987µs600ns).
2025-09-23 13:30:41 DEBUG [main] c.a.e.s.JwtAuthenticationFilter - Filter 'jwtAuthenticationFilter' configured for use
2025-09-23 13:30:41 INFO  [main] o.s.s.c.a.a.c.InitializeUserDetailsBeanManagerConfigurer$InitializeUserDetailsManagerConfigurer - Global AuthenticationManager configured with UserDetailsService bean with name userService
2025-09-23 13:30:41 WARN  [main] o.s.b.a.o.j.JpaBaseConfiguration$JpaWebConfiguration - spring.jpa.open-in-view is enabled by default. Therefore, database queries may be performed during view rendering. Explicitly configure spring.jpa.open-in-view to disable this warning
2025-09-23 13:30:42 INFO  [main] o.s.b.w.e.tomcat.TomcatWebServer - Tomcat started on port 8001 (http) with context path '/'
2025-09-23 13:30:42 INFO  [main] c.a.e.ErpTelecomApplication - Started ErpTelecomApplication in 57.346 seconds (process running for 59.967)
2025-09-23 13:30:42 INFO  [SpringApplicationShutdownHook] o.s.b.w.e.tomcat.GracefulShutdown - Commencing graceful shutdown. Waiting for active requests to complete
2025-09-23 13:30:42 INFO  [tomcat-shutdown] o.s.b.w.e.tomcat.GracefulShutdown - Graceful shutdown complete
2025-09-23 13:30:42 INFO  [SpringApplicationShutdownHook] o.s.o.j.LocalContainerEntityManagerFactoryBean - Closing JPA EntityManagerFactory for persistence unit 'default'
2025-09-23 13:30:42 INFO  [SpringApplicationShutdownHook] com.zaxxer.hikari.HikariDataSource - HikariPool-1 - Shutdown initiated...
2025-09-23 13:30:42 INFO  [SpringApplicationShutdownHook] com.zaxxer.hikari.HikariDataSource - HikariPool-1 - Shutdown completed.
2025-09-23 13:31:56 INFO  [main] c.a.e.ErpTelecomApplication - Starting ErpTelecomApplication using Java 19.0.2 with PID 8596 (D:\Development\Java\Spring Boot\Projects\ERP-Telecom\erp-telecom\target\classes started by Atharv in D:\Development\Java\Spring Boot\Projects\ERP-Telecom\erp-telecom)
2025-09-23 13:31:56 DEBUG [main] c.a.e.ErpTelecomApplication - Running with Spring Boot v3.5.5, Spring v6.2.10
2025-09-23 13:31:56 INFO  [main] c.a.e.ErpTelecomApplication - No active profile set, falling back to 1 default profile: "default"
2025-09-23 13:31:57 INFO  [main] o.s.d.r.c.RepositoryConfigurationDelegate - Bootstrapping Spring Data JPA repositories in DEFAULT mode.
2025-09-23 13:31:57 INFO  [main] o.s.d.r.c.RepositoryConfigurationDelegate - Finished Spring Data repository scanning in 79 ms. Found 3 JPA repository interfaces.
2025-09-23 13:31:58 INFO  [main] o.s.b.w.e.tomcat.TomcatWebServer - Tomcat initialized with port 8001 (http)
2025-09-23 13:31:58 INFO  [main] o.a.coyote.http11.Http11NioProtocol - Initializing ProtocolHandler ["http-nio-8001"]
2025-09-23 13:31:58 INFO  [main] o.a.catalina.core.StandardService - Starting service [Tomcat]
2025-09-23 13:31:58 INFO  [main] o.a.catalina.core.StandardEngine - Starting Servlet engine: [Apache Tomcat/10.1.44]
2025-09-23 13:31:58 INFO  [main] o.a.c.c.C.[Tomcat].[localhost].[/] - Initializing Spring embedded WebApplicationContext
2025-09-23 13:31:58 INFO  [main] o.s.b.w.s.c.ServletWebServerApplicationContext - Root WebApplicationContext: initialization completed in 2213 ms
2025-09-23 13:31:59 INFO  [main] o.h.jpa.internal.util.LogHelper - HHH000204: Processing PersistenceUnitInfo [name: default]
2025-09-23 13:31:59 INFO  [main] org.hibernate.Version - HHH000412: Hibernate ORM core version 6.6.26.Final
2025-09-23 13:31:59 INFO  [main] o.h.c.i.RegionFactoryInitiator - HHH000026: Second-level cache disabled
2025-09-23 13:31:59 INFO  [main] o.s.o.j.p.SpringPersistenceUnitInfo - No LoadTimeWeaver setup: ignoring JPA class transformer
2025-09-23 13:31:59 INFO  [main] com.zaxxer.hikari.HikariDataSource - HikariPool-1 - Starting...
2025-09-23 13:32:00 INFO  [main] com.zaxxer.hikari.pool.HikariPool - HikariPool-1 - Added connection com.mysql.cj.jdbc.ConnectionImpl@7598d675
2025-09-23 13:32:00 INFO  [main] com.zaxxer.hikari.HikariDataSource - HikariPool-1 - Start completed.
2025-09-23 13:32:00 INFO  [main] o.hibernate.orm.connections.pooling - HHH10001005: Database info:
	Database JDBC URL [Connecting through datasource 'HikariDataSource (HikariPool-1)']
	Database driver: undefined/unknown
	Database version: 8.0.33
	Autocommit mode: undefined/unknown
	Isolation level: undefined/unknown
	Minimum pool size: undefined/unknown
	Maximum pool size: undefined/unknown
2025-09-23 13:32:01 INFO  [main] o.h.e.t.j.p.i.JtaPlatformInitiator - HHH000489: No JTA platform available (set 'hibernate.transaction.jta.platform' to enable JTA platform integration)
2025-09-23 13:32:01 INFO  [main] o.s.o.j.LocalContainerEntityManagerFactoryBean - Initialized JPA EntityManagerFactory for persistence unit 'default'
2025-09-23 13:34:02 WARN  [HikariPool-1:housekeeper] com.zaxxer.hikari.pool.HikariPool - HikariPool-1 - Thread starvation or clock leap detected (housekeeper delta=2m2s26ms111µs500ns).
2025-09-23 13:34:02 DEBUG [main] c.a.e.s.JwtAuthenticationFilter - Filter 'jwtAuthenticationFilter' configured for use
2025-09-23 13:34:03 INFO  [main] o.s.s.c.a.a.c.InitializeUserDetailsBeanManagerConfigurer$InitializeUserDetailsManagerConfigurer - Global AuthenticationManager configured with UserDetailsService bean with name userService
2025-09-23 13:34:03 WARN  [main] o.s.b.a.o.j.JpaBaseConfiguration$JpaWebConfiguration - spring.jpa.open-in-view is enabled by default. Therefore, database queries may be performed during view rendering. Explicitly configure spring.jpa.open-in-view to disable this warning
2025-09-23 13:34:03 INFO  [main] o.s.b.w.e.tomcat.TomcatWebServer - Tomcat started on port 8001 (http) with context path '/'
2025-09-23 13:34:03 INFO  [main] c.a.e.ErpTelecomApplication - Started ErpTelecomApplication in 128.151 seconds (process running for 128.699)
2025-09-23 13:34:03 INFO  [SpringApplicationShutdownHook] o.s.b.w.e.tomcat.GracefulShutdown - Commencing graceful shutdown. Waiting for active requests to complete
2025-09-23 13:34:04 INFO  [tomcat-shutdown] o.s.b.w.e.tomcat.GracefulShutdown - Graceful shutdown complete
2025-09-23 13:34:04 INFO  [SpringApplicationShutdownHook] o.s.o.j.LocalContainerEntityManagerFactoryBean - Closing JPA EntityManagerFactory for persistence unit 'default'
2025-09-23 13:34:04 INFO  [SpringApplicationShutdownHook] com.zaxxer.hikari.HikariDataSource - HikariPool-1 - Shutdown initiated...
2025-09-23 13:34:04 INFO  [SpringApplicationShutdownHook] com.zaxxer.hikari.HikariDataSource - HikariPool-1 - Shutdown completed.
2025-09-23 13:34:07 INFO  [main] c.a.e.ErpTelecomApplication - Starting ErpTelecomApplication using Java 19.0.2 with PID 29344 (D:\Development\Java\Spring Boot\Projects\ERP-Telecom\erp-telecom\target\classes started by Atharv in D:\Development\Java\Spring Boot\Projects\ERP-Telecom\erp-telecom)
2025-09-23 13:34:07 DEBUG [main] c.a.e.ErpTelecomApplication - Running with Spring Boot v3.5.5, Spring v6.2.10
2025-09-23 13:34:07 INFO  [main] c.a.e.ErpTelecomApplication - No active profile set, falling back to 1 default profile: "default"
2025-09-23 13:34:08 INFO  [main] o.s.d.r.c.RepositoryConfigurationDelegate - Bootstrapping Spring Data JPA repositories in DEFAULT mode.
2025-09-23 13:34:08 INFO  [main] o.s.d.r.c.RepositoryConfigurationDelegate - Finished Spring Data repository scanning in 55 ms. Found 3 JPA repository interfaces.
2025-09-23 13:34:09 INFO  [main] o.s.b.w.e.tomcat.TomcatWebServer - Tomcat initialized with port 8001 (http)
2025-09-23 13:34:09 INFO  [main] o.a.coyote.http11.Http11NioProtocol - Initializing ProtocolHandler ["http-nio-8001"]
2025-09-23 13:34:09 INFO  [main] o.a.catalina.core.StandardService - Starting service [Tomcat]
2025-09-23 13:34:09 INFO  [main] o.a.catalina.core.StandardEngine - Starting Servlet engine: [Apache Tomcat/10.1.44]
2025-09-23 13:34:09 INFO  [main] o.a.c.c.C.[Tomcat].[localhost].[/] - Initializing Spring embedded WebApplicationContext
2025-09-23 13:34:09 INFO  [main] o.s.b.w.s.c.ServletWebServerApplicationContext - Root WebApplicationContext: initialization completed in 1957 ms
2025-09-23 13:34:09 INFO  [main] o.h.jpa.internal.util.LogHelper - HHH000204: Processing PersistenceUnitInfo [name: default]
2025-09-23 13:34:10 INFO  [main] org.hibernate.Version - HHH000412: Hibernate ORM core version 6.6.26.Final
2025-09-23 13:34:10 INFO  [main] o.h.c.i.RegionFactoryInitiator - HHH000026: Second-level cache disabled
2025-09-23 13:34:10 INFO  [main] o.s.o.j.p.SpringPersistenceUnitInfo - No LoadTimeWeaver setup: ignoring JPA class transformer
2025-09-23 13:34:10 INFO  [main] com.zaxxer.hikari.HikariDataSource - HikariPool-1 - Starting...
2025-09-23 13:34:10 INFO  [main] com.zaxxer.hikari.pool.HikariPool - HikariPool-1 - Added connection com.mysql.cj.jdbc.ConnectionImpl@1a06602f
2025-09-23 13:34:10 INFO  [main] com.zaxxer.hikari.HikariDataSource - HikariPool-1 - Start completed.
2025-09-23 13:34:10 INFO  [main] o.hibernate.orm.connections.pooling - HHH10001005: Database info:
	Database JDBC URL [Connecting through datasource 'HikariDataSource (HikariPool-1)']
	Database driver: undefined/unknown
	Database version: 8.0.33
	Autocommit mode: undefined/unknown
	Isolation level: undefined/unknown
	Minimum pool size: undefined/unknown
	Maximum pool size: undefined/unknown
2025-09-23 13:34:11 INFO  [main] o.h.e.t.j.p.i.JtaPlatformInitiator - HHH000489: No JTA platform available (set 'hibernate.transaction.jta.platform' to enable JTA platform integration)
2025-09-23 13:34:12 INFO  [main] o.s.o.j.LocalContainerEntityManagerFactoryBean - Initialized JPA EntityManagerFactory for persistence unit 'default'
2025-09-23 13:34:12 DEBUG [main] c.a.e.s.JwtAuthenticationFilter - Filter 'jwtAuthenticationFilter' configured for use
2025-09-23 13:34:12 INFO  [main] o.s.s.c.a.a.c.InitializeUserDetailsBeanManagerConfigurer$InitializeUserDetailsManagerConfigurer - Global AuthenticationManager configured with UserDetailsService bean with name userService
2025-09-23 13:34:12 WARN  [main] o.s.b.a.o.j.JpaBaseConfiguration$JpaWebConfiguration - spring.jpa.open-in-view is enabled by default. Therefore, database queries may be performed during view rendering. Explicitly configure spring.jpa.open-in-view to disable this warning
2025-09-23 13:34:13 INFO  [main] o.a.coyote.http11.Http11NioProtocol - Starting ProtocolHandler ["http-nio-8001"]
2025-09-23 13:34:13 INFO  [main] o.s.b.w.e.tomcat.TomcatWebServer - Tomcat started on port 8001 (http) with context path '/'
2025-09-23 13:34:13 INFO  [main] c.a.e.ErpTelecomApplication - Started ErpTelecomApplication in 6.136 seconds (process running for 6.642)
2025-09-23 13:34:22 INFO  [http-nio-8001-exec-4] o.a.c.c.C.[Tomcat].[localhost].[/] - Initializing Spring DispatcherServlet 'dispatcherServlet'
2025-09-23 13:34:22 INFO  [http-nio-8001-exec-4] o.s.web.servlet.DispatcherServlet - Initializing Servlet 'dispatcherServlet'
2025-09-23 13:34:22 INFO  [http-nio-8001-exec-4] o.s.web.servlet.DispatcherServlet - Completed initialization in 1 ms
2025-09-23 13:37:38 INFO  [SpringApplicationShutdownHook] o.s.b.w.e.tomcat.GracefulShutdown - Commencing graceful shutdown. Waiting for active requests to complete
2025-09-23 13:37:38 INFO  [tomcat-shutdown] o.s.b.w.e.tomcat.GracefulShutdown - Graceful shutdown complete
2025-09-23 13:37:38 INFO  [SpringApplicationShutdownHook] o.s.o.j.LocalContainerEntityManagerFactoryBean - Closing JPA EntityManagerFactory for persistence unit 'default'
2025-09-23 13:37:38 INFO  [SpringApplicationShutdownHook] com.zaxxer.hikari.HikariDataSource - HikariPool-1 - Shutdown initiated...
2025-09-23 13:37:38 INFO  [SpringApplicationShutdownHook] com.zaxxer.hikari.HikariDataSource - HikariPool-1 - Shutdown completed.
